Microchip Technology Inc, v1.26 (A)

Tool Name:
  c:\program files (x86)\microchip\xc16\v1.26\bin\bin\..\bin/elf-ld.exe

Command:
  -p30F4012 \
  -o \
  dist/Pickit/production/MDU_COMON.X.production.elf \
  -Lc:/program files (x86)/microchip/xc16/v1.26/bin/bin/.. \
  -Lc:/program files (x86)/microchip/xc16/v1.26/bin/bin/../../lib \
  -Lc:/program files (x86)/microchip/xc16/v1.26/bin/bin/../../support/PIC24E/gld \
  -Lc:/program files (x86)/microchip/xc16/v1.26/bin/bin/../../support/PIC24F/gld \
  -Lc:/program files (x86)/microchip/xc16/v1.26/bin/bin/../../support/PIC24H/gld \
  -Lc:/program files (x86)/microchip/xc16/v1.26/bin/bin/../../support/dsPIC30F/gld \
  -Lc:/program files (x86)/microchip/xc16/v1.26/bin/bin/../../support/dsPIC33E/gld \
  -Lc:/program files (x86)/microchip/xc16/v1.26/bin/bin/../../support/dsPIC33F/gld \
  build/Pickit/production/Driver/driver.o \
  build/Pickit/production/Driver/eeprom.o \
  build/Pickit/production/Driver/encoder.o \
  build/Pickit/production/Driver/ports.o \
  build/Pickit/production/Driver/pwm.o \
  build/Pickit/production/Driver/uart.o \
  build/Pickit/production/Setting/configuration.o \
  build/Pickit/production/main.o \
  build/Pickit/production/Driver/io.o \
  build/Pickit/production/Task/system.o \
  build/Pickit/production/Task/task.o \
  build/Pickit/production/Task/motor.o \
  --defsym=__MPLAB_BUILD=1 \
  -Tp30F4012.gld.00 \
  --stack=64 \
  --check-sections \
  --data-init \
  --pack-data \
  --handles \
  --isr \
  --no-gc-sections \
  --fill-upper=0 \
  --stackguard=16 \
  --no-force-link \
  --smart-io \
  -Map=dist/Pickit/production/MDU_COMON.X.production.map \
  --report-mem \
  --memorysummary \
  dist/Pickit/production/memoryfile.xml \
  -start-group \
  --library=pic30-elf \
  --library=m-elf \
  --library=c-elf \
  -end-group \


Optional library libp30F4012.a not found
Archive member included because of file (symbol)

c:/program files (x86)/microchip/xc16/v1.26/bin/bin/../../lib\libpic30-elf.a(crt0_standard.o)
                              (__resetPRI)
c:/program files (x86)/microchip/xc16/v1.26/bin/bin/../../lib\libpic30-elf.a(data_init_standard.o)
                              c:/program files (x86)/microchip/xc16/v1.26/bin/bin/../../lib\libpic30-elf.a(crt0_standard.o) (__data_init_standard)
c:/program files (x86)/microchip/xc16/v1.26/bin/bin/../../lib\libpic30-elf.a(eedata_helper.eo)
                              build/Pickit/production/Driver/eeprom.o (__eedata_helper1)
c:/program files (x86)/microchip/xc16/v1.26/bin/bin/../../lib\libm-elf.a(addsf3.eo)
                              build/Pickit/production/Driver/io.o (___subsf3)
c:/program files (x86)/microchip/xc16/v1.26/bin/bin/../../lib\libm-elf.a(feqltle.eo)
                              build/Pickit/production/Driver/io.o (___ltsf2)
c:/program files (x86)/microchip/xc16/v1.26/bin/bin/../../lib\libm-elf.a(fixsfsi.eo)
                              build/Pickit/production/Driver/io.o (_(float, int, long long, short, float, short, int))
c:/program files (x86)/microchip/xc16/v1.26/bin/bin/../../lib\libm-elf.a(fixunssfsi.eo)
                              build/Pickit/production/Driver/io.o (___fixunssfsi)
c:/program files (x86)/microchip/xc16/v1.26/bin/bin/../../lib\libm-elf.a(fpack.eo)
                              c:/program files (x86)/microchip/xc16/v1.26/bin/bin/../../lib\libm-elf.a(addsf3.eo) (__fpack)
c:/program files (x86)/microchip/xc16/v1.26/bin/bin/../../lib\libm-elf.a(funpack.eo)
                              c:/program files (x86)/microchip/xc16/v1.26/bin/bin/../../lib\libm-elf.a(fixsfsi.eo) (__funpack)
c:/program files (x86)/microchip/xc16/v1.26/bin/bin/../../lib\libm-elf.a(funpack2.eo)
                              c:/program files (x86)/microchip/xc16/v1.26/bin/bin/../../lib\libm-elf.a(addsf3.eo) (__funpack2)
c:/program files (x86)/microchip/xc16/v1.26/bin/bin/../../lib\libm-elf.a(futil.eo)
                              c:/program files (x86)/microchip/xc16/v1.26/bin/bin/../../lib\libm-elf.a(addsf3.eo) (__fPropagateNaN)
c:/program files (x86)/microchip/xc16/v1.26/bin/bin/../../lib\libm-elf.a(mulsf3.eo)
                              build/Pickit/production/Driver/io.o (___mulsf3)
c:/program files (x86)/microchip/xc16/v1.26/bin/bin/../../lib\libm-elf.a(udivsi3.eo)
                              build/Pickit/production/Driver/pwm.o (___udivsi3)
c:/program files (x86)/microchip/xc16/v1.26/bin/bin/../../lib\libm-elf.a(fcompare.eo)
                              c:/program files (x86)/microchip/xc16/v1.26/bin/bin/../../lib\libm-elf.a(feqltle.eo) (__fcompare)
c:/program files (x86)/microchip/xc16/v1.26/bin/bin/../../lib\libc-elf.a(atof.eo)
                              build/Pickit/production/Driver/io.o (_atof)
c:/program files (x86)/microchip/xc16/v1.26/bin/bin/../../lib\libc-elf.a(atoi.eo)
                              build/Pickit/production/Driver/io.o (_atoi)
c:/program files (x86)/microchip/xc16/v1.26/bin/bin/../../lib\libc-elf.a(errno.eo)
[...]
Memory Configuration

Name             Origin             Length             Attributes
data             0x000800           0x000800           a !xr
reset            0x000000           0x000004  
ivt              0x000004           0x00007c  
_reserved        0x000080           0x000004  
aivt             0x000084           0x00007c  
program          0x000100           0x007f00           xr
eedata           0x7ffc00           0x000400  
FUID0            0x8005c0           0x000002  
FUID1            0x8005c2           0x000002  
FUID2            0x8005c4           0x000002  
FUID3            0x8005c6           0x000002  
FOSC             0xf80000           0x000002  
FWDT             0xf80002           0x000002  
FBORPOR          0xf80004           0x000002  
RESERVED1        0xf80006           0x000002  
RESERVED2        0xf80008           0x000002  
FGS              0xf8000a           0x000002  
FICD             0xf8000c           0x000002  
*default*        0x000000           0xffffffff  

Linker script and memory map

LOAD build/Pickit/production/Driver/driver.o
LOAD build/Pickit/production/Driver/eeprom.o
LOAD build/Pickit/production/Driver/encoder.o
LOAD build/Pickit/production/Driver/ports.o
LOAD build/Pickit/production/Driver/pwm.o
LOAD build/Pickit/production/Driver/uart.o
LOAD build/Pickit/production/Setting/configuration.o
LOAD build/Pickit/production/main.o
LOAD build/Pickit/production/Driver/io.o
LOAD build/Pickit/production/Task/system.o
LOAD build/Pickit/production/Task/task.o
LOAD build/Pickit/production/Task/motor.o
                    0x0001                  __MPLAB_BUILD = 0x1
LOAD p30F4012
LOAD c:/program files (x86)/microchip/xc16/v1.26/bin/bin/../../lib\libfx-elf.a
                    0x8005c0                  __FUID0 = 0x8005c0
                    0x8005c2                  __FUID1 = 0x8005c2
                    0x8005c4                  __FUID2 = 0x8005c4
                    0x8005c6                  __FUID3 = 0x8005c6
                    0xf80000                  __FOSC = 0xf80000
                    0xf80002                  __FWDT = 0xf80002
                    0xf80004                  __FBORPOR = 0xf80004
                    0xf80006                  __RESERVED1 = 0xf80006
                    0xf80008                  __RESERVED2 = 0xf80008
                    0xf8000a                  __FGS = 0xf8000a
                    0xf8000c                  __FICD = 0xf8000c
                    0x0001                  __NO_HANDLES = 0x1
                    0x0100                  __CODE_BASE = 0x100
                    0x7f00                  __CODE_LENGTH = 0x7f00
                    0x0004                  __IVT_BASE = 0x4
                    0x0084                  __AIVT_BASE = 0x84
                    0x0800                  __DATA_BASE = 0x800
                    0x0800                  __DATA_LENGTH = 0x800
                    0x0c00                  __YDATA_BASE = 0xc00

.reset            0x000000          0x4
                  0x000000          0x2 SHORT 0x100 ABSOLUTE (__reset)
                  0x000001          0x2 SHORT 0x4
                  0x000002          0x2 SHORT 0x0 ((ABSOLUTE (__reset) >> 0x10) & 0x7f)
                  0x000003          0x2 SHORT 0x0

.text             0x000100        0x806
 *(.init)
 .init            0x000100         0x3c c:/program files (x86)/microchip/xc16/v1.26/bin/bin/../../lib\libpic30-elf.a(crt0_standard.o)
                  0x000100                  __resetPRI
                  0x000100                  __reset
                  0x00012c                  __psv_init
 .init            0x00013c         0x6c c:/program files (x86)/microchip/xc16/v1.26/bin/bin/../../lib\libpic30-elf.a(data_init_standard.o)
                  0x00013c                  __data_init_standard
                  0x00013c                  __data_init
 *(.user_init)
 *(.handle)
 *(.isr*)
 .isr             0x0001d0          0x4 default_isr
                  0x0001d0                  __DefaultInterrupt
 *(.libc)
 .libc            0x0001d4         0x10 c:/program files (x86)/microchip/xc16/v1.26/bin/bin/../../lib\libc-elf.a(isspace.eso)
                  0x0001d4                  _isspace
 *(.libm)
 *(.libdsp)
 *(.lib*)
 .libc.eedata_helper1234
                  0x0001e4         0x50 c:/program files (x86)/microchip/xc16/v1.26/bin/bin/../../lib\libpic30-elf.a(eedata_helper.eo)
                  0x0001e4                  __eedata_helper1
                  0x00020e                  __eedata_helper2
                  0x000216                  __eedata_helper3
                  0x000222                  __eedata_helper4
 .libm.subsf3     0x000234         0xbc c:/program files (x86)/microchip/xc16/v1.26/bin/bin/../../lib\libm-elf.a(addsf3.eo)
                  0x000234                  ___subsf3
                  0x000236                  ___addsf3
 .libm.eqsf2      0x0002f0          0x4 c:/program files (x86)/microchip/xc16/v1.26/bin/bin/../../lib\libm-elf.a(feqltle.eo)
                  0x0002f0                  ___eqsf2
                  0x0002f0                  ___ltsf2
                  0x0002f0                  ___lesf2
 .libm.fixsfsi    0x0002f4         0x42 c:/program files (x86)/microchip/xc16/v1.26/bin/bin/../../lib\libm-elf.a(fixsfsi.eo)
                  0x0002f4                  _(float, int, long long, short, float, short, int)
 .libm.fixunssfsi
                  0x000336         0x36 c:/program files (x86)/microchip/xc16/v1.26/bin/bin/../../lib\libm-elf.a(fixunssfsi.eo)
                  0x000336                  ___fixunssfsi
 .libm.fpack      0x00036c         0x4c c:/program files (x86)/microchip/xc16/v1.26/bin/bin/../../lib\libm-elf.a(fpack.eo)
                  0x00036c                  __fpack
 .libm.funpack    0x0003b8         0x2a c:/program files (x86)/microchip/xc16/v1.26/bin/bin/../../lib\libm-elf.a(funpack.eo)
                  0x0003b8                  __funpack
 .libm.funpack2
                  0x0003e2         0x10 c:/program files (x86)/microchip/xc16/v1.26/bin/bin/../../lib\libm-elf.a(funpack2.eo)
                  0x0003e2                  __funpack2
 .libm.fPropagateNaN
                  0x0003f2         0x12 c:/program files (x86)/microchip/xc16/v1.26/bin/bin/../../lib\libm-elf.a(futil.eo)
                  0x0003f2                  __fPropagateNaN
 .libm.fbobExit
                  0x000404          0x8 c:/program files (x86)/microchip/xc16/v1.26/bin/bin/../../lib\libm-elf.a(futil.eo)
                  0x000404                  __fbopExit
 .libm.fbopReturnNaN
                  0x00040c          0x6 c:/program files (x86)/microchip/xc16/v1.26/bin/bin/../../lib\libm-elf.a(futil.eo)
                  0x00040c                  __fbopReturnNaN
 .libm.mulsf3     0x000412         0x68 c:/program files (x86)/microchip/xc16/v1.26/bin/bin/../../lib\libm-elf.a(mulsf3.eo)
                  0x000412                  ___mulsf3
 .libm.udivsi3    0x00047a         0x20 c:/program files (x86)/microchip/xc16/v1.26/bin/bin/../../lib\libm-elf.a(udivsi3.eo)
                  0x00047a                  ___udivsi3
 .libm.fcompare
                  0x00049a         0x36 c:/program files (x86)/microchip/xc16/v1.26/bin/bin/../../lib\libm-elf.a(fcompare.eo)
                  0x00049a                  __fcompare
 .libc.strtof     0x0004d0        0x1c4 c:/program files (x86)/microchip/xc16/v1.26/bin/bin/../../lib\libc-elf.a(atof.eo)
                  0x0004d0                  _strtof
 .libc.strtod     0x000694          0x2 c:/program files (x86)/microchip/xc16/v1.26/bin/bin/../../lib\libc-elf.a(atof.eo)
                  0x000694                  _strtod
 .libc.atof       0x000696          0x4 c:/program files (x86)/microchip/xc16/v1.26/bin/bin/../../lib\libc-elf.a(atof.eo)
                  0x000696                  _atof
 .libc.atoi       0x00069a         0x3e c:/program files (x86)/microchip/xc16/v1.26/bin/bin/../../lib\libc-elf.a(atoi.eo)
                  0x00069a                  _atoi
 .libc.utoa       0x0006d8         0x34 c:/program files (x86)/microchip/xc16/v1.26/bin/bin/../../lib\libc-elf.a(itoa.eo)
                  0x0006d8                  _utoa
 .libc.itoa       0x00070c         0x1c c:/program files (x86)/microchip/xc16/v1.26/bin/bin/../../lib\libc-elf.a(itoa.eo)
                  0x00070c                  _itoa
 .libc.strcmp     0x000728          0xe c:/program files (x86)/microchip/xc16/v1.26/bin/bin/../../lib\libc-elf.a(strcmp.eo)
                  0x000728                  _strcmp
 .libc.strcpy     0x000736          0xc c:/program files (x86)/microchip/xc16/v1.26/bin/bin/../../lib\libc-elf.a(strcpy.eo)
                  0x000736                  _strcpy
 .libc.strlen     0x000742          0xc c:/program files (x86)/microchip/xc16/v1.26/bin/bin/../../lib\libc-elf.a(strlen.eo)
                  0x000742                  _strlen
 .libc.strtok     0x00074e         0x3a c:/program files (x86)/microchip/xc16/v1.26/bin/bin/../../lib\libc-elf.a(strtok.eo)
                  0x00074e                  _strtok
 .libc.strcspn    0x000788         0x26 c:/program files (x86)/microchip/xc16/v1.26/bin/bin/../../lib\libc-elf.a(strcspn.eo)
                  0x000788                  _strcspn
 .libc.strspn     0x0007ae         0x26 c:/program files (x86)/microchip/xc16/v1.26/bin/bin/../../lib\libc-elf.a(strspn.eo)
                  0x0007ae                  _strspn
 .libc.strchr     0x0007d4         0x1a c:/program files (x86)/microchip/xc16/v1.26/bin/bin/../../lib\libc-elf.a(strchr.elo)
                  0x0007d4                  _strchr
 .libm.divfs3     0x0007ee         0x84 c:/program files (x86)/microchip/xc16/v1.26/bin/bin/../../lib\libm-elf.a(divsf3.eo)
                  0x0007ee                  ___divsf3
 .libm.gtsf2      0x000872          0x4 c:/program files (x86)/microchip/xc16/v1.26/bin/bin/../../lib\libm-elf.a(fgtge.eo)
                  0x000872                  ___gesf2
                  0x000872                  ___gtsf2
 .libm.floatsisf
                  0x000876          0x6 c:/program files (x86)/microchip/xc16/v1.26/bin/bin/../../lib\libm-elf.a(floatsisf.eo)
                  0x000876                  ___floatsisf
 .libm.mulsi3     0x00087c          0xc c:/program files (x86)/microchip/xc16/v1.26/bin/bin/../../lib\libm-elf.a(mulsi3.eo)
                  0x00087c                  ___mulp32peds3
                  0x00087c                  ___mulsi3
                  0x00087c                  ___mulp32eds3
 .libm.floatdisf
                  0x000888         0x20 c:/program files (x86)/microchip/xc16/v1.26/bin/bin/../../lib\libm-elf.a(floatdisf.eo)
                  0x000888                  ___floatdisf
 .libm.floatundisf
                  0x0008a8         0x5e c:/program files (x86)/microchip/xc16/v1.26/bin/bin/../../lib\libm-elf.a(floatundisf.eo)
                  0x0008a8                  ___floatundisf

usercode
 *(usercode)

__FUID0
 *(__FUID0.sec*)

__FUID1
 *(__FUID1.sec*)

__FUID2
 *(__FUID2.sec*)

__FUID3
 *(__FUID3.sec*)

__FOSC
 *(__FOSC.sec*)

__FWDT
 *(__FWDT.sec*)

__FBORPOR
 *(__FBORPOR.sec*)

__RESERVED1
 *(__RESERVED1.sec*)

__RESERVED2
 *(__RESERVED2.sec*)

__FGS             0xf8000a          0x2
 *(__FGS.sec*)
 __FGS.sec        0xf8000a          0x2 FGS
                  0xf8000a                  __FGS.sec

__FICD
 *(__FICD.sec*)

user_eedata
 *(user_eedata)

userdata
 *(userdata)

.comment
 *(.comment)

.debug_info       0x000000       0x44f8
 *(.debug_info)
 .debug_info      0x000000        0x328 build/Pickit/production/Driver/driver.o
 .debug_info      0x000328        0x4bf build/Pickit/production/Driver/eeprom.o
 .debug_info      0x0007e7        0x641 build/Pickit/production/Driver/encoder.o
 .debug_info      0x000e28        0xb15 build/Pickit/production/Driver/ports.o
 .debug_info      0x00193d        0xa93 build/Pickit/production/Driver/pwm.o
 .debug_info      0x0023d0        0xece build/Pickit/production/Driver/uart.o
 .debug_info      0x00329e         0xc1 build/Pickit/production/Setting/configuration.o
 .debug_info      0x00335f        0x147 build/Pickit/production/main.o
 .debug_info      0x0034a6        0x64c build/Pickit/production/Driver/io.o
 .debug_info      0x003af2        0x6fc build/Pickit/production/Task/system.o
 .debug_info      0x0041ee        0x1bb build/Pickit/production/Task/task.o
 .debug_info      0x0043a9        0x14f build/Pickit/production/Task/motor.o
 *(.gnu.linkonce.wi.*)

.debug_abbrev     0x000000        0xa72
 *(.debug_abbrev)
 .debug_abbrev    0x000000         0xa7 build/Pickit/production/Driver/driver.o
 .debug_abbrev    0x0000a7        0x192 build/Pickit/production/Driver/eeprom.o
 .debug_abbrev    0x000239        0x138 build/Pickit/production/Driver/encoder.o
 .debug_abbrev    0x000371         0xed build/Pickit/production/Driver/ports.o
 .debug_abbrev    0x00045e        0x14c build/Pickit/production/Driver/pwm.o
 .debug_abbrev    0x0005aa        0x18a build/Pickit/production/Driver/uart.o
 .debug_abbrev    0x000734         0x1f build/Pickit/production/Setting/configuration.o
 .debug_abbrev    0x000753         0x34 build/Pickit/production/main.o
 .debug_abbrev    0x000787         0xf1 build/Pickit/production/Driver/io.o
 .debug_abbrev    0x000878        0x160 build/Pickit/production/Task/system.o
 .debug_abbrev    0x0009d8         0x68 build/Pickit/production/Task/task.o
 .debug_abbrev    0x000a40         0x32 build/Pickit/production/Task/motor.o

.debug_line       0x000000        0x923
 *(.debug_line)
 .debug_line      0x000000         0x62 build/Pickit/production/Driver/driver.o
 .debug_line      0x000062         0xde build/Pickit/production/Driver/eeprom.o
 .debug_line      0x000140         0xf2 build/Pickit/production/Driver/encoder.o
 .debug_line      0x000232         0xdd build/Pickit/production/Driver/ports.o
 .debug_line      0x00030f        0x11e build/Pickit/production/Driver/pwm.o
 .debug_line      0x00042d        0x140 build/Pickit/production/Driver/uart.o
 .debug_line      0x00056d         0x1a build/Pickit/production/Setting/configuration.o
 .debug_line      0x000587         0x35 build/Pickit/production/main.o
 .debug_line      0x0005bc        0x1a9 build/Pickit/production/Driver/io.o
 .debug_line      0x000765        0x141 build/Pickit/production/Task/system.o
 .debug_line      0x0008a6         0x46 build/Pickit/production/Task/task.o
 .debug_line      0x0008ec         0x37 build/Pickit/production/Task/motor.o

.debug_frame      0x000000        0x6ae
 *(.debug_frame)
 .debug_frame     0x000000         0x24 build/Pickit/production/Driver/driver.o
 .debug_frame     0x000024         0x88 build/Pickit/production/Driver/eeprom.o
 .debug_frame     0x0000ac         0x44 build/Pickit/production/Driver/encoder.o
 .debug_frame     0x0000f0         0x84 build/Pickit/production/Driver/ports.o
 .debug_frame     0x000174         0xee build/Pickit/production/Driver/pwm.o
 .debug_frame     0x000262        0x1b4 build/Pickit/production/Driver/uart.o
 .debug_frame     0x000416         0x2e build/Pickit/production/main.o
 .debug_frame     0x000444         0xb4 build/Pickit/production/Driver/io.o
 .debug_frame     0x0004f8        0x132 build/Pickit/production/Task/system.o
 .debug_frame     0x00062a         0x60 build/Pickit/production/Task/task.o
 .debug_frame     0x00068a         0x24 build/Pickit/production/Task/motor.o

.debug_str        0x000000        0x1e1
 *(.debug_str)
 .debug_str       0x000000          0xb build/Pickit/production/Driver/driver.o
 .debug_str       0x00000b         0x17 build/Pickit/production/Driver/eeprom.o
 .debug_str       0x000022         0x29 build/Pickit/production/Driver/encoder.o
 .debug_str       0x00004b         0x6b build/Pickit/production/Driver/ports.o
 .debug_str       0x0000b6         0x2a build/Pickit/production/Driver/pwm.o
 .debug_str       0x0000e0         0x43 build/Pickit/production/Driver/uart.o
 .debug_str       0x000123         0x9f build/Pickit/production/Driver/io.o
 .debug_str       0x0001c2         0x1f build/Pickit/production/Task/system.o

.debug_loc
 *(.debug_loc)

.debug_macinfo
 *(.debug_macinfo)

.debug_pubnames
                  0x000000        0x62d
 *(.debug_pubnames)
 .debug_pubnames
                  0x000000         0x23 build/Pickit/production/Driver/driver.o
 .debug_pubnames
                  0x000023         0x8c build/Pickit/production/Driver/eeprom.o
 .debug_pubnames
                  0x0000af         0x54 build/Pickit/production/Driver/encoder.o
 .debug_pubnames
                  0x000103         0x80 build/Pickit/production/Driver/ports.o
 .debug_pubnames
                  0x000183         0xdc build/Pickit/production/Driver/pwm.o
 .debug_pubnames
                  0x00025f        0x133 build/Pickit/production/Driver/uart.o
 .debug_pubnames
                  0x000392         0x1b build/Pickit/production/main.o
 .debug_pubnames
                  0x0003ad        0x108 build/Pickit/production/Driver/io.o
 .debug_pubnames
                  0x0004b5        0x10b build/Pickit/production/Task/system.o
 .debug_pubnames
                  0x0005c0         0x4c build/Pickit/production/Task/task.o
 .debug_pubnames
                  0x00060c         0x21 build/Pickit/production/Task/motor.o

.debug_ranges
 *(.debug_ranges)

.debug_aranges    0x000000        0x108
 *(.debug_aranges)
 .debug_aranges
                  0x000000         0x18 build/Pickit/production/Driver/driver.o
 .debug_aranges
                  0x000018         0x18 build/Pickit/production/Driver/eeprom.o
 .debug_aranges
                  0x000030         0x18 build/Pickit/production/Driver/encoder.o
 .debug_aranges
                  0x000048         0x18 build/Pickit/production/Driver/ports.o
 .debug_aranges
                  0x000060         0x18 build/Pickit/production/Driver/pwm.o
 .debug_aranges
                  0x000078         0x18 build/Pickit/production/Driver/uart.o
 .debug_aranges
                  0x000090         0x18 build/Pickit/production/main.o
 .debug_aranges
                  0x0000a8         0x18 build/Pickit/production/Driver/io.o
 .debug_aranges
                  0x0000c0         0x18 build/Pickit/production/Task/system.o
 .debug_aranges
                  0x0000d8         0x18 build/Pickit/production/Task/task.o
 .debug_aranges
                  0x0000f0         0x18 build/Pickit/production/Task/motor.o
                    0x0000                  WREG0 = 0x0
                    0x0000                  _WREG0 = 0x0
                    0x0002                  WREG1 = 0x2
                    0x0002                  _WREG1 = 0x2
                    0x0004                  WREG2 = 0x4
                    0x0004                  _WREG2 = 0x4
                    0x0006                  WREG3 = 0x6
                    0x0006                  _WREG3 = 0x6
                    0x0008                  WREG4 = 0x8
                    0x0008                  _WREG4 = 0x8
                    0x000a                  WREG5 = 0xa
                    0x000a                  _WREG5 = 0xa
                    0x000c                  WREG6 = 0xc
                    0x000c                  _WREG6 = 0xc
                    0x000e                  WREG7 = 0xe
                    0x000e                  _WREG7 = 0xe
                    0x0010                  WREG8 = 0x10
                    0x0010                  _WREG8 = 0x10
                    0x0012                  WREG9 = 0x12
                    0x0012                  _WREG9 = 0x12
                    0x0014                  WREG10 = 0x14
                    0x0014                  _WREG10 = 0x14
                    0x0016                  WREG11 = 0x16
                    0x0016                  _WREG11 = 0x16
                    0x0018                  WREG12 = 0x18
                    0x0018                  _WREG12 = 0x18
                    0x001a                  WREG13 = 0x1a
                    0x001a                  _WREG13 = 0x1a
                    0x001c                  WREG14 = 0x1c
                    0x001c                  _WREG14 = 0x1c
                    0x001e                  WREG15 = 0x1e
                    0x001e                  _WREG15 = 0x1e
                    0x0020                  SPLIM = 0x20
                    0x0020                  _SPLIM = 0x20
                    0x0022                  ACCAL = 0x22
                    0x0022                  _ACCAL = 0x22
                    0x0024                  ACCAH = 0x24
                    0x0024                  _ACCAH = 0x24
                    0x0026                  ACCAU = 0x26
                    0x0026                  _ACCAU = 0x26
                    0x0028                  ACCBL = 0x28
                    0x0028                  _ACCBL = 0x28
                    0x002a                  ACCBH = 0x2a
                    0x002a                  _ACCBH = 0x2a
                    0x002c                  ACCBU = 0x2c
                    0x002c                  _ACCBU = 0x2c
                    0x002e                  PCL = 0x2e
                    0x002e                  _PCL = 0x2e
                    0x0030                  PCH = 0x30
                    0x0030                  _PCH = 0x30
                    0x0032                  TBLPAG = 0x32
                    0x0032                  _TBLPAG = 0x32
                    0x0034                  PSVPAG = 0x34
                    0x0034                  _PSVPAG = 0x34
                    0x0036                  RCOUNT = 0x36
                    0x0036                  _RCOUNT = 0x36
                    0x0038                  DCOUNT = 0x38
                    0x0038                  _DCOUNT = 0x38
                    0x003a                  DOSTARTL = 0x3a
                    0x003a                  _DOSTARTL = 0x3a
                    0x003c                  DOSTARTH = 0x3c
                    0x003c                  _DOSTARTH = 0x3c
                    0x003e                  DOENDL = 0x3e
                    0x003e                  _DOENDL = 0x3e
                    0x0040                  DOENDH = 0x40
                    0x0040                  _DOENDH = 0x40
                    0x0042                  SR = 0x42
                    0x0042                  _SR = 0x42
                    0x0042                  _SRbits = 0x42
                    0x0044                  CORCON = 0x44
                    0x0044                  _CORCON = 0x44
                    0x0044                  _CORCONbits = 0x44
                    0x0046                  MODCON = 0x46
                    0x0046                  _MODCON = 0x46
                    0x0046                  _MODCONbits = 0x46
                    0x0048                  XMODSRT = 0x48
                    0x0048                  _XMODSRT = 0x48
                    0x004a                  XMODEND = 0x4a
                    0x004a                  _XMODEND = 0x4a
                    0x004c                  YMODSRT = 0x4c
                    0x004c                  _YMODSRT = 0x4c
                    0x004e                  YMODEND = 0x4e
                    0x004e                  _YMODEND = 0x4e
                    0x0050                  XBREV = 0x50
                    0x0050                  _XBREV = 0x50
                    0x0050                  _XBREVbits = 0x50
                    0x0052                  DISICNT = 0x52
                    0x0052                  _DISICNT = 0x52
                    0x0052                  _DISICNTbits = 0x52
                    0x0080                  INTCON1 = 0x80
                    0x0080                  _INTCON1 = 0x80
                    0x0080                  _INTCON1bits = 0x80
                    0x0082                  INTCON2 = 0x82
                    0x0082                  _INTCON2 = 0x82
                    0x0082                  _INTCON2bits = 0x82
                    0x0084                  IFS0 = 0x84
                    0x0084                  _IFS0 = 0x84
                    0x0084                  _IFS0bits = 0x84
                    0x0086                  IFS1 = 0x86
                    0x0086                  _IFS1 = 0x86
                    0x0086                  _IFS1bits = 0x86
                    0x0088                  IFS2 = 0x88
                    0x0088                  _IFS2 = 0x88
                    0x0088                  _IFS2bits = 0x88
                    0x008c                  IEC0 = 0x8c
                    0x008c                  _IEC0 = 0x8c
                    0x008c                  _IEC0bits = 0x8c
                    0x008e                  IEC1 = 0x8e
                    0x008e                  _IEC1 = 0x8e
                    0x008e                  _IEC1bits = 0x8e
                    0x0090                  IEC2 = 0x90
                    0x0090                  _IEC2 = 0x90
                    0x0090                  _IEC2bits = 0x90
                    0x0094                  IPC0 = 0x94
                    0x0094                  _IPC0 = 0x94
                    0x0094                  _IPC0bits = 0x94
                    0x0096                  IPC1 = 0x96
                    0x0096                  _IPC1 = 0x96
                    0x0096                  _IPC1bits = 0x96
                    0x0098                  IPC2 = 0x98
                    0x0098                  _IPC2 = 0x98
                    0x0098                  _IPC2bits = 0x98
                    0x009a                  IPC3 = 0x9a
                    0x009a                  _IPC3 = 0x9a
                    0x009a                  _IPC3bits = 0x9a
                    0x009c                  IPC4 = 0x9c
                    0x009c                  _IPC4 = 0x9c
                    0x009c                  _IPC4bits = 0x9c
                    0x009e                  IPC5 = 0x9e
                    0x009e                  _IPC5 = 0x9e
                    0x009e                  _IPC5bits = 0x9e
                    0x00a0                  IPC6 = 0xa0
                    0x00a0                  _IPC6 = 0xa0
                    0x00a0                  _IPC6bits = 0xa0
                    0x00a6                  IPC9 = 0xa6
                    0x00a6                  _IPC9 = 0xa6
                    0x00a6                  _IPC9bits = 0xa6
                    0x00a8                  IPC10 = 0xa8
                    0x00a8                  _IPC10 = 0xa8
                    0x00a8                  _IPC10bits = 0xa8
                    0x00b0                  INTTREG = 0xb0
                    0x00b0                  _INTTREG = 0xb0
                    0x00b0                  _INTTREGbits = 0xb0
                    0x00c0                  CNEN1 = 0xc0
                    0x00c0                  _CNEN1 = 0xc0
                    0x00c0                  _CNEN1bits = 0xc0
                    0x00c4                  CNPU1 = 0xc4
                    0x00c4                  _CNPU1 = 0xc4
                    0x00c4                  _CNPU1bits = 0xc4
                    0x0100                  TMR1 = 0x100
                    0x0100                  _TMR1 = 0x100
                    0x0102                  PR1 = 0x102
                    0x0102                  _PR1 = 0x102
                    0x0104                  T1CON = 0x104
                    0x0104                  _T1CON = 0x104
                    0x0104                  _T1CONbits = 0x104
                    0x0106                  TMR2 = 0x106
                    0x0106                  _TMR2 = 0x106
                    0x0108                  TMR3HLD = 0x108
                    0x0108                  _TMR3HLD = 0x108
                    0x010a                  TMR3 = 0x10a
                    0x010a                  _TMR3 = 0x10a
                    0x010c                  PR2 = 0x10c
                    0x010c                  _PR2 = 0x10c
                    0x010e                  PR3 = 0x10e
                    0x010e                  _PR3 = 0x10e
                    0x0110                  T2CON = 0x110
                    0x0110                  _T2CON = 0x110
                    0x0110                  _T2CONbits = 0x110
                    0x0112                  T3CON = 0x112
                    0x0112                  _T3CON = 0x112
                    0x0112                  _T3CONbits = 0x112
                    0x0114                  TMR4 = 0x114
                    0x0114                  _TMR4 = 0x114
                    0x0116                  TMR5HLD = 0x116
                    0x0116                  _TMR5HLD = 0x116
                    0x0118                  TMR5 = 0x118
                    0x0118                  _TMR5 = 0x118
                    0x011a                  PR4 = 0x11a
                    0x011a                  _PR4 = 0x11a
                    0x011c                  PR5 = 0x11c
                    0x011c                  _PR5 = 0x11c
                    0x011e                  T4CON = 0x11e
                    0x011e                  _T4CON = 0x11e
                    0x011e                  _T4CONbits = 0x11e
                    0x0120                  T5CON = 0x120
                    0x0120                  _T5CON = 0x120
                    0x0120                  _T5CONbits = 0x120
                    0x0122                  QEICON = 0x122
                    0x0122                  _QEICON = 0x122
                    0x0122                  _QEICONbits = 0x122
                    0x0124                  DFLTCON = 0x124
                    0x0124                  _DFLTCON = 0x124
                    0x0124                  _DFLTCONbits = 0x124
                    0x0126                  POSCNT = 0x126
                    0x0126                  _POSCNT = 0x126
                    0x0128                  MAXCNT = 0x128
                    0x0128                  _MAXCNT = 0x128
                    0x0140                  IC1BUF = 0x140
                    0x0140                  _IC1BUF = 0x140
                    0x0142                  IC1CON = 0x142
                    0x0142                  _IC1CON = 0x142
                    0x0142                  _IC1CONbits = 0x142
                    0x0144                  IC2BUF = 0x144
                    0x0144                  _IC2BUF = 0x144
                    0x0146                  IC2CON = 0x146
                    0x0146                  _IC2CON = 0x146
                    0x0146                  _IC2CONbits = 0x146
                    0x0158                  IC7BUF = 0x158
                    0x0158                  _IC7BUF = 0x158
                    0x015a                  IC7CON = 0x15a
                    0x015a                  _IC7CON = 0x15a
                    0x015a                  _IC7CONbits = 0x15a
                    0x015c                  IC8BUF = 0x15c
                    0x015c                  _IC8BUF = 0x15c
                    0x015e                  IC8CON = 0x15e
                    0x015e                  _IC8CON = 0x15e
                    0x015e                  _IC8CONbits = 0x15e
                    0x0180                  OC1RS = 0x180
                    0x0180                  _OC1RS = 0x180
                    0x0182                  OC1R = 0x182
                    0x0182                  _OC1R = 0x182
                    0x0184                  OC1CON = 0x184
                    0x0184                  _OC1CON = 0x184
                    0x0184                  _OC1CONbits = 0x184
                    0x0186                  OC2RS = 0x186
                    0x0186                  _OC2RS = 0x186
                    0x0188                  OC2R = 0x188
                    0x0188                  _OC2R = 0x188
                    0x018a                  OC2CON = 0x18a
                    0x018a                  _OC2CON = 0x18a
                    0x018a                  _OC2CONbits = 0x18a
                    0x01c0                  PTCON = 0x1c0
                    0x01c0                  _PTCON = 0x1c0
                    0x01c0                  _PTCONbits = 0x1c0
                    0x01c2                  PTMR = 0x1c2
                    0x01c2                  _PTMR = 0x1c2
                    0x01c2                  _PTMRbits = 0x1c2
                    0x01c4                  PTPER = 0x1c4
                    0x01c4                  _PTPER = 0x1c4
                    0x01c4                  _PTPERbits = 0x1c4
                    0x01c6                  SEVTCMP = 0x1c6
                    0x01c6                  _SEVTCMP = 0x1c6
                    0x01c6                  _SEVTCMPbits = 0x1c6
                    0x01c8                  PWMCON1 = 0x1c8
                    0x01c8                  _PWMCON1 = 0x1c8
                    0x01c8                  _PWMCON1bits = 0x1c8
                    0x01ca                  PWMCON2 = 0x1ca
                    0x01ca                  _PWMCON2 = 0x1ca
                    0x01ca                  _PWMCON2bits = 0x1ca
                    0x01cc                  DTCON1 = 0x1cc
                    0x01cc                  _DTCON1 = 0x1cc
                    0x01cc                  _DTCON1bits = 0x1cc
                    0x01d0                  FLTACON = 0x1d0
                    0x01d0                  _FLTACON = 0x1d0
                    0x01d0                  _FLTACONbits = 0x1d0
                    0x01d4                  OVDCON = 0x1d4
                    0x01d4                  _OVDCON = 0x1d4
                    0x01d4                  _OVDCONbits = 0x1d4
                    0x01d6                  PDC1 = 0x1d6
                    0x01d6                  _PDC1 = 0x1d6
                    0x01d8                  PDC2 = 0x1d8
                    0x01d8                  _PDC2 = 0x1d8
                    0x01da                  PDC3 = 0x1da
                    0x01da                  _PDC3 = 0x1da
                    0x0200                  I2CRCV = 0x200
                    0x0200                  _I2CRCV = 0x200
                    0x0200                  _I2CRCVbits = 0x200
                    0x0202                  I2CTRN = 0x202
                    0x0202                  _I2CTRN = 0x202
                    0x0202                  _I2CTRNbits = 0x202
                    0x0204                  I2CBRG = 0x204
                    0x0204                  _I2CBRG = 0x204
                    0x0204                  _I2CBRGbits = 0x204
                    0x0206                  I2CCON = 0x206
                    0x0206                  _I2CCON = 0x206
                    0x0206                  _I2CCONbits = 0x206
                    0x0208                  I2CSTAT = 0x208
                    0x0208                  _I2CSTAT = 0x208
                    0x0208                  _I2CSTATbits = 0x208
                    0x020a                  I2CADD = 0x20a
                    0x020a                  _I2CADD = 0x20a
                    0x020a                  _I2CADDbits = 0x20a
                    0x020c                  U1MODE = 0x20c
                    0x020c                  _U1MODE = 0x20c
                    0x020c                  _U1MODEbits = 0x20c
                    0x020e                  U1STA = 0x20e
                    0x020e                  _U1STA = 0x20e
                    0x020e                  _U1STAbits = 0x20e
                    0x0210                  U1TXREG = 0x210
                    0x0210                  _U1TXREG = 0x210
                    0x0210                  _U1TXREGbits = 0x210
                    0x0212                  U1RXREG = 0x212
                    0x0212                  _U1RXREG = 0x212
                    0x0212                  _U1RXREGbits = 0x212
                    0x0214                  U1BRG = 0x214
                    0x0214                  _U1BRG = 0x214
                    0x0220                  SPI1STAT = 0x220
                    0x0220                  _SPI1STAT = 0x220
                    0x0220                  _SPI1STATbits = 0x220
                    0x0222                  SPI1CON = 0x222
                    0x0222                  _SPI1CON = 0x222
                    0x0222                  _SPI1CONbits = 0x222
                    0x0224                  SPI1BUF = 0x224
                    0x0224                  _SPI1BUF = 0x224
                    0x0280                  ADCBUF0 = 0x280
                    0x0280                  _ADCBUF0 = 0x280
                    0x0282                  ADCBUF1 = 0x282
                    0x0282                  _ADCBUF1 = 0x282
                    0x0284                  ADCBUF2 = 0x284
                    0x0284                  _ADCBUF2 = 0x284
                    0x0286                  ADCBUF3 = 0x286
                    0x0286                  _ADCBUF3 = 0x286
                    0x0288                  ADCBUF4 = 0x288
                    0x0288                  _ADCBUF4 = 0x288
                    0x028a                  ADCBUF5 = 0x28a
                    0x028a                  _ADCBUF5 = 0x28a
                    0x028c                  ADCBUF6 = 0x28c
                    0x028c                  _ADCBUF6 = 0x28c
                    0x028e                  ADCBUF7 = 0x28e
                    0x028e                  _ADCBUF7 = 0x28e
                    0x0290                  ADCBUF8 = 0x290
                    0x0290                  _ADCBUF8 = 0x290
                    0x0292                  ADCBUF9 = 0x292
                    0x0292                  _ADCBUF9 = 0x292
                    0x0294                  ADCBUFA = 0x294
                    0x0294                  _ADCBUFA = 0x294
                    0x0296                  ADCBUFB = 0x296
                    0x0296                  _ADCBUFB = 0x296
                    0x0298                  ADCBUFC = 0x298
                    0x0298                  _ADCBUFC = 0x298
                    0x029a                  ADCBUFD = 0x29a
                    0x029a                  _ADCBUFD = 0x29a
                    0x029c                  ADCBUFE = 0x29c
                    0x029c                  _ADCBUFE = 0x29c
                    0x029e                  ADCBUFF = 0x29e
                    0x029e                  _ADCBUFF = 0x29e
                    0x02a0                  ADCON1 = 0x2a0
                    0x02a0                  _ADCON1 = 0x2a0
                    0x02a0                  _ADCON1bits = 0x2a0
                    0x02a2                  ADCON2 = 0x2a2
                    0x02a2                  _ADCON2 = 0x2a2
                    0x02a2                  _ADCON2bits = 0x2a2
                    0x02a4                  ADCON3 = 0x2a4
                    0x02a4                  _ADCON3 = 0x2a4
                    0x02a4                  _ADCON3bits = 0x2a4
                    0x02a6                  ADCHS = 0x2a6
                    0x02a6                  _ADCHS = 0x2a6
                    0x02a6                  _ADCHSbits = 0x2a6
                    0x02a8                  ADPCFG = 0x2a8
                    0x02a8                  _ADPCFG = 0x2a8
                    0x02a8                  _ADPCFGbits = 0x2a8
                    0x02aa                  ADCSSL = 0x2aa
                    0x02aa                  _ADCSSL = 0x2aa
                    0x02aa                  _ADCSSLbits = 0x2aa
                    0x02c6                  TRISB = 0x2c6
                    0x02c6                  _TRISB = 0x2c6
                    0x02c6                  _TRISBbits = 0x2c6
                    0x02c8                  PORTB = 0x2c8
                    0x02c8                  _PORTB = 0x2c8
                    0x02c8                  _PORTBbits = 0x2c8
                    0x02ca                  LATB = 0x2ca
                    0x02ca                  _LATB = 0x2ca
                    0x02ca                  _LATBbits = 0x2ca
                    0x02cc                  TRISC = 0x2cc
                    0x02cc                  _TRISC = 0x2cc
                    0x02cc                  _TRISCbits = 0x2cc
                    0x02ce                  PORTC = 0x2ce
                    0x02ce                  _PORTC = 0x2ce
                    0x02ce                  _PORTCbits = 0x2ce
                    0x02d0                  LATC = 0x2d0
                    0x02d0                  _LATC = 0x2d0
                    0x02d0                  _LATCbits = 0x2d0
                    0x02d2                  TRISD = 0x2d2
                    0x02d2                  _TRISD = 0x2d2
                    0x02d2                  _TRISDbits = 0x2d2
                    0x02d4                  PORTD = 0x2d4
                    0x02d4                  _PORTD = 0x2d4
                    0x02d4                  _PORTDbits = 0x2d4
                    0x02d6                  LATD = 0x2d6
                    0x02d6                  _LATD = 0x2d6
                    0x02d6                  _LATDbits = 0x2d6
                    0x02d8                  TRISE = 0x2d8
                    0x02d8                  _TRISE = 0x2d8
                    0x02d8                  _TRISEbits = 0x2d8
                    0x02da                  PORTE = 0x2da
                    0x02da                  _PORTE = 0x2da
                    0x02da                  _PORTEbits = 0x2da
                    0x02dc                  LATE = 0x2dc
                    0x02dc                  _LATE = 0x2dc
                    0x02dc                  _LATEbits = 0x2dc
                    0x02de                  TRISF = 0x2de
                    0x02de                  _TRISF = 0x2de
                    0x02de                  _TRISFbits = 0x2de
                    0x02e0                  PORTF = 0x2e0
                    0x02e0                  _PORTF = 0x2e0
                    0x02e0                  _PORTFbits = 0x2e0
                    0x02e2                  LATF = 0x2e2
                    0x02e2                  _LATF = 0x2e2
                    0x02e2                  _LATFbits = 0x2e2
                    0x0300                  C1RXF0SID = 0x300
                    0x0300                  _C1RXF0SID = 0x300
                    0x0300                  _C1RXF0SIDbits = 0x300
                    0x0302                  C1RXF0EIDH = 0x302
                    0x0302                  _C1RXF0EIDH = 0x302
                    0x0302                  _C1RXF0EIDHbits = 0x302
                    0x0304                  C1RXF0EIDL = 0x304
                    0x0304                  _C1RXF0EIDL = 0x304
                    0x0304                  _C1RXF0EIDLbits = 0x304
                    0x0308                  C1RXF1SID = 0x308
                    0x0308                  _C1RXF1SID = 0x308
                    0x0308                  _C1RXF1SIDbits = 0x308
                    0x030a                  C1RXF1EIDH = 0x30a
                    0x030a                  _C1RXF1EIDH = 0x30a
                    0x030a                  _C1RXF1EIDHbits = 0x30a
                    0x030c                  C1RXF1EIDL = 0x30c
                    0x030c                  _C1RXF1EIDL = 0x30c
                    0x030c                  _C1RXF1EIDLbits = 0x30c
                    0x0310                  C1RXF2SID = 0x310
                    0x0310                  _C1RXF2SID = 0x310
                    0x0310                  _C1RXF2SIDbits = 0x310
                    0x0312                  C1RXF2EIDH = 0x312
                    0x0312                  _C1RXF2EIDH = 0x312
                    0x0312                  _C1RXF2EIDHbits = 0x312
                    0x0314                  C1RXF2EIDL = 0x314
                    0x0314                  _C1RXF2EIDL = 0x314
                    0x0314                  _C1RXF2EIDLbits = 0x314
                    0x0318                  C1RXF3SID = 0x318
                    0x0318                  _C1RXF3SID = 0x318
                    0x0318                  _C1RXF3SIDbits = 0x318
                    0x031a                  C1RXF3EIDH = 0x31a
                    0x031a                  _C1RXF3EIDH = 0x31a
                    0x031a                  _C1RXF3EIDHbits = 0x31a
                    0x031c                  C1RXF3EIDL = 0x31c
                    0x031c                  _C1RXF3EIDL = 0x31c
                    0x031c                  _C1RXF3EIDLbits = 0x31c
                    0x0320                  C1RXF4SID = 0x320
                    0x0320                  _C1RXF4SID = 0x320
                    0x0320                  _C1RXF4SIDbits = 0x320
                    0x0322                  C1RXF4EIDH = 0x322
                    0x0322                  _C1RXF4EIDH = 0x322
                    0x0322                  _C1RXF4EIDHbits = 0x322
                    0x0324                  C1RXF4EIDL = 0x324
                    0x0324                  _C1RXF4EIDL = 0x324
                    0x0324                  _C1RXF4EIDLbits = 0x324
                    0x0328                  C1RXF5SID = 0x328
                    0x0328                  _C1RXF5SID = 0x328
                    0x0328                  _C1RXF5SIDbits = 0x328
                    0x032a                  C1RXF5EIDH = 0x32a
                    0x032a                  _C1RXF5EIDH = 0x32a
                    0x032a                  _C1RXF5EIDHbits = 0x32a
                    0x032c                  C1RXF5EIDL = 0x32c
                    0x032c                  _C1RXF5EIDL = 0x32c
                    0x032c                  _C1RXF5EIDLbits = 0x32c
                    0x0330                  C1RXM0SID = 0x330
                    0x0330                  _C1RXM0SID = 0x330
                    0x0330                  _C1RXM0SIDbits = 0x330
                    0x0332                  C1RXM0EIDH = 0x332
                    0x0332                  _C1RXM0EIDH = 0x332
                    0x0332                  _C1RXM0EIDHbits = 0x332
                    0x0334                  C1RXM0EIDL = 0x334
                    0x0334                  _C1RXM0EIDL = 0x334
                    0x0334                  _C1RXM0EIDLbits = 0x334
                    0x0338                  C1RXM1SID = 0x338
                    0x0338                  _C1RXM1SID = 0x338
                    0x0338                  _C1RXM1SIDbits = 0x338
                    0x033a                  C1RXM1EIDH = 0x33a
                    0x033a                  _C1RXM1EIDH = 0x33a
                    0x033a                  _C1RXM1EIDHbits = 0x33a
                    0x033c                  C1RXM1EIDL = 0x33c
                    0x033c                  _C1RXM1EIDL = 0x33c
                    0x033c                  _C1RXM1EIDLbits = 0x33c
                    0x0340                  C1TX2SID = 0x340
                    0x0340                  _C1TX2SID = 0x340
                    0x0340                  _C1TX2SIDbits = 0x340
                    0x0342                  C1TX2EID = 0x342
                    0x0342                  _C1TX2EID = 0x342
                    0x0342                  _C1TX2EIDbits = 0x342
                    0x0344                  C1TX2DLC = 0x344
                    0x0344                  _C1TX2DLC = 0x344
                    0x0344                  _C1TX2DLCbits = 0x344
                    0x0346                  C1TX2B1 = 0x346
                    0x0346                  _C1TX2B1 = 0x346
                    0x0346                  _C1TX2B1bits = 0x346
                    0x0348                  C1TX2B2 = 0x348
                    0x0348                  _C1TX2B2 = 0x348
                    0x0348                  _C1TX2B2bits = 0x348
                    0x034a                  C1TX2B3 = 0x34a
                    0x034a                  _C1TX2B3 = 0x34a
                    0x034a                  _C1TX2B3bits = 0x34a
                    0x034c                  C1TX2B4 = 0x34c
                    0x034c                  _C1TX2B4 = 0x34c
                    0x034c                  _C1TX2B4bits = 0x34c
                    0x034e                  C1TX2CON = 0x34e
                    0x034e                  _C1TX2CON = 0x34e
                    0x034e                  _C1TX2CONbits = 0x34e
                    0x0350                  C1TX1SID = 0x350
                    0x0350                  _C1TX1SID = 0x350
                    0x0350                  _C1TX1SIDbits = 0x350
                    0x0352                  C1TX1EID = 0x352
                    0x0352                  _C1TX1EID = 0x352
                    0x0352                  _C1TX1EIDbits = 0x352
                    0x0354                  C1TX1DLC = 0x354
                    0x0354                  _C1TX1DLC = 0x354
                    0x0354                  _C1TX1DLCbits = 0x354
                    0x0356                  C1TX1B1 = 0x356
                    0x0356                  _C1TX1B1 = 0x356
                    0x0356                  _C1TX1B1bits = 0x356
                    0x0358                  C1TX1B2 = 0x358
                    0x0358                  _C1TX1B2 = 0x358
                    0x0358                  _C1TX1B2bits = 0x358
                    0x035a                  C1TX1B3 = 0x35a
                    0x035a                  _C1TX1B3 = 0x35a
                    0x035a                  _C1TX1B3bits = 0x35a
                    0x035c                  C1TX1B4 = 0x35c
                    0x035c                  _C1TX1B4 = 0x35c
                    0x035c                  _C1TX1B4bits = 0x35c
                    0x035e                  C1TX1CON = 0x35e
                    0x035e                  _C1TX1CON = 0x35e
                    0x035e                  _C1TX1CONbits = 0x35e
                    0x0360                  C1TX0SID = 0x360
                    0x0360                  _C1TX0SID = 0x360
                    0x0360                  _C1TX0SIDbits = 0x360
                    0x0362                  C1TX0EID = 0x362
                    0x0362                  _C1TX0EID = 0x362
                    0x0362                  _C1TX0EIDbits = 0x362
                    0x0364                  C1TX0DLC = 0x364
                    0x0364                  _C1TX0DLC = 0x364
                    0x0364                  _C1TX0DLCbits = 0x364
                    0x0366                  C1TX0B1 = 0x366
                    0x0366                  _C1TX0B1 = 0x366
                    0x0366                  _C1TX0B1bits = 0x366
                    0x0368                  C1TX0B2 = 0x368
                    0x0368                  _C1TX0B2 = 0x368
                    0x0368                  _C1TX0B2bits = 0x368
                    0x036a                  C1TX0B3 = 0x36a
                    0x036a                  _C1TX0B3 = 0x36a
                    0x036a                  _C1TX0B3bits = 0x36a
                    0x036c                  C1TX0B4 = 0x36c
                    0x036c                  _C1TX0B4 = 0x36c
                    0x036c                  _C1TX0B4bits = 0x36c
                    0x036e                  C1TX0CON = 0x36e
                    0x036e                  _C1TX0CON = 0x36e
                    0x036e                  _C1TX0CONbits = 0x36e
                    0x0370                  C1RX1SID = 0x370
                    0x0370                  _C1RX1SID = 0x370
                    0x0370                  _C1RX1SIDbits = 0x370
                    0x0372                  C1RX1EID = 0x372
                    0x0372                  _C1RX1EID = 0x372
                    0x0372                  _C1RX1EIDbits = 0x372
                    0x0374                  C1RX1DLC = 0x374
                    0x0374                  _C1RX1DLC = 0x374
                    0x0374                  _C1RX1DLCbits = 0x374
                    0x0376                  C1RX1B1 = 0x376
                    0x0376                  _C1RX1B1 = 0x376
                    0x0376                  _C1RX1B1bits = 0x376
                    0x0378                  C1RX1B2 = 0x378
                    0x0378                  _C1RX1B2 = 0x378
                    0x0378                  _C1RX1B2bits = 0x378
                    0x037a                  C1RX1B3 = 0x37a
                    0x037a                  _C1RX1B3 = 0x37a
                    0x037a                  _C1RX1B3bits = 0x37a
                    0x037c                  C1RX1B4 = 0x37c
                    0x037c                  _C1RX1B4 = 0x37c
                    0x037c                  _C1RX1B4bits = 0x37c
                    0x037e                  C1RX1CON = 0x37e
                    0x037e                  _C1RX1CON = 0x37e
                    0x037e                  _C1RX1CONbits = 0x37e
                    0x0380                  C1RX0SID = 0x380
                    0x0380                  _C1RX0SID = 0x380
                    0x0380                  _C1RX0SIDbits = 0x380
                    0x0382                  C1RX0EID = 0x382
                    0x0382                  _C1RX0EID = 0x382
                    0x0382                  _C1RX0EIDbits = 0x382
                    0x0384                  C1RX0DLC = 0x384
                    0x0384                  _C1RX0DLC = 0x384
                    0x0384                  _C1RX0DLCbits = 0x384
                    0x0386                  C1RX0B1 = 0x386
                    0x0386                  _C1RX0B1 = 0x386
                    0x0386                  _C1RX0B1bits = 0x386
                    0x0388                  C1RX0B2 = 0x388
                    0x0388                  _C1RX0B2 = 0x388
                    0x0388                  _C1RX0B2bits = 0x388
                    0x038a                  C1RX0B3 = 0x38a
                    0x038a                  _C1RX0B3 = 0x38a
                    0x038a                  _C1RX0B3bits = 0x38a
                    0x038c                  C1RX0B4 = 0x38c
                    0x038c                  _C1RX0B4 = 0x38c
                    0x038c                  _C1RX0B4bits = 0x38c
                    0x038e                  C1RX0CON = 0x38e
                    0x038e                  _C1RX0CON = 0x38e
                    0x038e                  _C1RX0CONbits = 0x38e
                    0x0390                  C1CTRL = 0x390
                    0x0390                  _C1CTRL = 0x390
                    0x0390                  _C1CTRLbits = 0x390
                    0x0392                  C1CFG1 = 0x392
                    0x0392                  _C1CFG1 = 0x392
                    0x0392                  _C1CFG1bits = 0x392
                    0x0394                  C1CFG2 = 0x394
                    0x0394                  _C1CFG2 = 0x394
                    0x0394                  _C1CFG2bits = 0x394
                    0x0396                  C1INTF = 0x396
                    0x0396                  _C1INTF = 0x396
                    0x0396                  _C1INTFbits = 0x396
                    0x0398                  C1INTE = 0x398
                    0x0398                  _C1INTE = 0x398
                    0x0398                  _C1INTEbits = 0x398
                    0x039a                  C1EC = 0x39a
                    0x039a                  _C1EC = 0x39a
                    0x039a                  _C1ECbits = 0x39a
                    0x039a                  C1RERRCNT = 0x39a
                    0x039a                  _C1RERRCNT = 0x39a
                    0x039b                  C1TERRCNT = 0x39b
                    0x039b                  _C1TERRCNT = 0x39b
                    0x0740                  RCON = 0x740
                    0x0740                  _RCON = 0x740
                    0x0740                  _RCONbits = 0x740
                    0x0742                  OSCCON = 0x742
                    0x0742                  _OSCCON = 0x742
                    0x0742                  _OSCCONbits = 0x742
                    0x0742                  OSCCONL = 0x742
                    0x0742                  _OSCCONL = 0x742
                    0x0743                  OSCCONH = 0x743
                    0x0743                  _OSCCONH = 0x743
                    0x0760                  NVMCON = 0x760
                    0x0760                  _NVMCON = 0x760
                    0x0760                  _NVMCONbits = 0x760
                    0x0762                  NVMADR = 0x762
                    0x0762                  _NVMADR = 0x762
                    0x0764                  NVMADRU = 0x764
                    0x0764                  _NVMADRU = 0x764
                    0x0764                  _NVMADRUbits = 0x764
                    0x0766                  NVMKEY = 0x766
                    0x0766                  _NVMKEY = 0x766
                    0x0770                  PMD1 = 0x770
                    0x0770                  _PMD1 = 0x770
                    0x0770                  _PMD1bits = 0x770
                    0x0772                  PMD2 = 0x772
                    0x0772                  _PMD2 = 0x772
                    0x0772                  _PMD2bits = 0x772
                    0x0022                  ACCA = 0x22
                    0x0022                  _ACCA = 0x22
                    0x0028                  ACCB = 0x28
                    0x0028                  _ACCB = 0x28
                    0x0300                  CAN1 = 0x300
                    0x0300                  _CAN1 = 0x300
                    0x0140                  IC1 = 0x140
                    0x0140                  _IC1 = 0x140
                    0x0144                  IC2 = 0x144
                    0x0144                  _IC2 = 0x144
                    0x0158                  IC7 = 0x158
                    0x0158                  _IC7 = 0x158
                    0x015c                  IC8 = 0x15c
                    0x015c                  _IC8 = 0x15c
                    0x0180                  OC1 = 0x180
                    0x0180                  _OC1 = 0x180
                    0x0186                  OC2 = 0x186
                    0x0186                  _OC2 = 0x186
                    0x0220                  SPI1 = 0x220
                    0x0220                  _SPI1 = 0x220
                    0x020c                  UART1 = 0x20c
                    0x020c                  _UART1 = 0x20c
START GROUP
LOAD c:/program files (x86)/microchip/xc16/v1.26/bin/bin/../../lib\libpic30-elf.a
LOAD c:/program files (x86)/microchip/xc16/v1.26/bin/bin/../../lib\libm-elf.a
LOAD c:/program files (x86)/microchip/xc16/v1.26/bin/bin/../../lib\libc-elf.a
END GROUP
OUTPUT(dist/Pickit/production/MDU_COMON.X.production.elf elf32-pic30)
LOAD FGS
LOAD jump_table
LOAD default_isr
LOAD data_init
LOAD shared_data_init

.debug_pubtypes
                  0x000108        0x57b
 .debug_pubtypes
                  0x000108         0x33 build/Pickit/production/Driver/driver.o
 .debug_pubtypes
                  0x00013b         0x6e build/Pickit/production/Driver/eeprom.o
 .debug_pubtypes
                  0x0001a9         0x9c build/Pickit/production/Driver/encoder.o
 .debug_pubtypes
                  0x000245        0x17a build/Pickit/production/Driver/ports.o
 .debug_pubtypes
                  0x0003bf         0xe4 build/Pickit/production/Driver/pwm.o
 .debug_pubtypes
                  0x0004a3        0x109 build/Pickit/production/Driver/uart.o
 .debug_pubtypes
                  0x0005ac         0x12 build/Pickit/production/Setting/configuration.o
 .debug_pubtypes
                  0x0005be         0x12 build/Pickit/production/main.o
 .debug_pubtypes
                  0x0005d0         0x35 build/Pickit/production/Driver/io.o
 .debug_pubtypes
                  0x000605         0x5a build/Pickit/production/Task/system.o
 .debug_pubtypes
                  0x00065f         0x12 build/Pickit/production/Task/task.o
 .debug_pubtypes
                  0x000671         0x12 build/Pickit/production/Task/motor.o

__c30_signature
                  0x000683        0x102
 __c30_signature
                  0x000683          0x6 build/Pickit/production/Driver/driver.o
 __c30_signature
                  0x000689          0x6 build/Pickit/production/Driver/eeprom.o
 __c30_signature
                  0x00068f          0x6 build/Pickit/production/Driver/encoder.o
 __c30_signature
                  0x000695          0x6 build/Pickit/production/Driver/ports.o
 __c30_signature
                  0x00069b          0x6 build/Pickit/production/Driver/pwm.o
 __c30_signature
                  0x0006a1          0x6 build/Pickit/production/Driver/uart.o
 __c30_signature
                  0x0006a7          0x6 build/Pickit/production/Setting/configuration.o
 __c30_signature
                  0x0006ad          0x6 build/Pickit/production/main.o
 __c30_signature
                  0x0006b3          0x6 build/Pickit/production/Driver/io.o
 __c30_signature
                  0x0006b9          0x6 build/Pickit/production/Task/system.o
 __c30_signature
                  0x0006bf          0x6 build/Pickit/production/Task/task.o
 __c30_signature
                  0x0006c5          0x6 build/Pickit/production/Task/motor.o
 __c30_signature
                  0x0006cb          0x6 c:/program files (x86)/microchip/xc16/v1.26/bin/bin/../../lib\libpic30-elf.a(crt0_standard.o)
 __c30_signature
                  0x0006d1          0x6 c:/program files (x86)/microchip/xc16/v1.26/bin/bin/../../lib\libpic30-elf.a(data_init_standard.o)
 __c30_signature
                  0x0006d7          0x6 c:/program files (x86)/microchip/xc16/v1.26/bin/bin/../../lib\libpic30-elf.a(eedata_helper.eo)
 __c30_signature
                  0x0006dd          0x6 c:/program files (x86)/microchip/xc16/v1.26/bin/bin/../../lib\libm-elf.a(addsf3.eo)
 __c30_signature
                  0x0006e3          0x6 c:/program files (x86)/microchip/xc16/v1.26/bin/bin/../../lib\libm-elf.a(feqltle.eo)
 __c30_signature
                  0x0006e9          0x6 c:/program files (x86)/microchip/xc16/v1.26/bin/bin/../../lib\libm-elf.a(fixsfsi.eo)
 __c30_signature
                  0x0006ef          0x6 c:/program files (x86)/microchip/xc16/v1.26/bin/bin/../../lib\libm-elf.a(fixunssfsi.eo)
 __c30_signature
                  0x0006f5          0x6 c:/program files (x86)/microchip/xc16/v1.26/bin/bin/../../lib\libm-elf.a(fpack.eo)
 __c30_signature
                  0x0006fb          0x6 c:/program files (x86)/microchip/xc16/v1.26/bin/bin/../../lib\libm-elf.a(funpack.eo)
 __c30_signature
                  0x000701          0x6 c:/program files (x86)/microchip/xc16/v1.26/bin/bin/../../lib\libm-elf.a(funpack2.eo)
 __c30_signature
                  0x000707          0x6 c:/program files (x86)/microchip/xc16/v1.26/bin/bin/../../lib\libm-elf.a(futil.eo)
 __c30_signature
                  0x00070d          0x6 c:/program files (x86)/microchip/xc16/v1.26/bin/bin/../../lib\libm-elf.a(mulsf3.eo)
 __c30_signature
                  0x000713          0x6 c:/program files (x86)/microchip/xc16/v1.26/bin/bin/../../lib\libm-elf.a(udivsi3.eo)
 __c30_signature
                  0x000719          0x6 c:/program files (x86)/microchip/xc16/v1.26/bin/bin/../../lib\libm-elf.a(fcompare.eo)
 __c30_signature
                  0x00071f          0x6 c:/program files (x86)/microchip/xc16/v1.26/bin/bin/../../lib\libc-elf.a(atof.eo)
 __c30_signature
                  0x000725          0x6 c:/program files (x86)/microchip/xc16/v1.26/bin/bin/../../lib\libc-elf.a(atoi.eo)
 __c30_signature
                  0x00072b          0x6 c:/program files (x86)/microchip/xc16/v1.26/bin/bin/../../lib\libc-elf.a(errno.eo)
 __c30_signature
                  0x000731          0x6 c:/program files (x86)/microchip/xc16/v1.26/bin/bin/../../lib\libc-elf.a(itoa.eo)
 __c30_signature
                  0x000737          0x6 c:/program files (x86)/microchip/xc16/v1.26/bin/bin/../../lib\libc-elf.a(strcmp.eo)
 __c30_signature
                  0x00073d          0x6 c:/program files (x86)/microchip/xc16/v1.26/bin/bin/../../lib\libc-elf.a(strcpy.eo)
 __c30_signature
                  0x000743          0x6 c:/program files (x86)/microchip/xc16/v1.26/bin/bin/../../lib\libc-elf.a(strlen.eo)
 __c30_signature
                  0x000749          0x6 c:/program files (x86)/microchip/xc16/v1.26/bin/bin/../../lib\libc-elf.a(strtok.eo)
 __c30_signature
                  0x00074f          0x6 c:/program files (x86)/microchip/xc16/v1.26/bin/bin/../../lib\libc-elf.a(strcspn.eo)
 __c30_signature
                  0x000755          0x6 c:/program files (x86)/microchip/xc16/v1.26/bin/bin/../../lib\libc-elf.a(strspn.eo)
 __c30_signature
                  0x00075b          0x6 c:/program files (x86)/microchip/xc16/v1.26/bin/bin/../../lib\libc-elf.a(strchr.elo)
 __c30_signature
                  0x000761          0x6 c:/program files (x86)/microchip/xc16/v1.26/bin/bin/../../lib\libm-elf.a(divsf3.eo)
 __c30_signature
                  0x000767          0x6 c:/program files (x86)/microchip/xc16/v1.26/bin/bin/../../lib\libm-elf.a(fgtge.eo)
 __c30_signature
                  0x00076d          0x6 c:/program files (x86)/microchip/xc16/v1.26/bin/bin/../../lib\libm-elf.a(floatsisf.eo)
 __c30_signature
                  0x000773          0x6 c:/program files (x86)/microchip/xc16/v1.26/bin/bin/../../lib\libm-elf.a(mulsi3.eo)
 __c30_signature
                  0x000779          0x6 c:/program files (x86)/microchip/xc16/v1.26/bin/bin/../../lib\libm-elf.a(floatdisf.eo)
 __c30_signature
                  0x00077f          0x6 c:/program files (x86)/microchip/xc16/v1.26/bin/bin/../../lib\libm-elf.a(floatundisf.eo)

.nbss               0x0800        0x1b6
 .nbss              0x0800         0xe4 build/Pickit/production/Task/system.o
 .nbss              0x08e4         0x8c build/Pickit/production/Driver/uart.o
 .nbss              0x0970         0x46 build/Pickit/production/Driver/eeprom.o
                    0x0970                  _fb

.ndata              0x09b6         0x24
 .ndata             0x09b6         0x18 build/Pickit/production/Driver/io.o
                    0x09b6                  _group_get
                    0x09c6                  _group_set
 .ndata             0x09ce          0xa build/Pickit/production/Driver/pwm.o
 .ndata             0x09d8          0x2 build/Pickit/production/Task/system.o
                    0x09d8                  _system_address_ofset

.bss                0x09da          0x4
 .bss               0x09da          0x2 c:/program files (x86)/microchip/xc16/v1.26/bin/bin/../../lib\libc-elf.a(errno.eo)
                    0x09da                  _errno
 .bss               0x09dc          0x2 c:/program files (x86)/microchip/xc16/v1.26/bin/bin/../../lib\libc-elf.a(strtok.eo)

.ivt._U1RXInterrupt
                  0x000026          0x2
 .ivt._U1RXInterrupt
                  0x000026          0x2 build/Pickit/production/Driver/uart.o

.ivt._U1TXInterrupt
                  0x000028          0x2
 .ivt._U1TXInterrupt
                  0x000028          0x2 build/Pickit/production/Driver/uart.o

.config_ICS       0xf8000c          0x2
 .config_ICS      0xf8000c          0x2 build/Pickit/production/Setting/configuration.o

.config_MCLRE     0xf80004          0x2
 .config_MCLRE    0xf80004          0x2 build/Pickit/production/Setting/configuration.o

.config_WDT       0xf80002          0x2
 .config_WDT      0xf80002          0x2 build/Pickit/production/Setting/configuration.o

.config_FCKSMEN
                  0xf80000          0x2
 .config_FCKSMEN
                  0xf80000          0x2 build/Pickit/production/Setting/configuration.o

.const              0x8906        0x1b2 load address 0x000906  
 .const             0x8906         0xfa build/Pickit/production/Driver/io.o
                    0x89b3                  _cmp_port_encode
                    0x89c0                  _cmp_port_idx
                    0x89c9                  _cmp_addr_value
                    0x89ce                  _cmp_addr_ofset
                    0x89d9                  _cmp_pwm_max
                    0x89e1                  _cmp_pwm_min
                    0x89e9                  _cmp_pwm_period
                    0x89f4                  _cmp_pwm_dt
                    0x89fb                  _cmp_help
 .const             0x8a00         0x9e build/Pickit/production/Task/system.o
 .const             0x8a9e         0x18 build/Pickit/production/Driver/eeprom.o
 .const             0x8ab6          0x2 build/Pickit/production/Driver/encoder.o
                    0x8ab6                  _pos

.text             0x000ab8        0x9d4
 .text            0x000ab8        0x342 build/Pickit/production/Driver/io.o
                  0x000ab8                  _motor_dt
                  0x000b02                  _option_test
                  0x000b1a                  _io_set
                  0x000be2                  _io_get
                  0x000dd8                  _io_setup
 .text            0x000dfa        0x24c build/Pickit/production/Driver/uart.o
                  0x000dfa                  _uart_setup
                  0x000e32                  _uart_depth
                  0x000e36                  _uart_find
                  0x000e66                  _uart_seek
                  0x000e72                  _uart_remove
                  0x000e7e                  _uart_remove_all
                  0x000e82                  _uart_getc
                  0x000ea6                  _uart_gets
                  0x000eda                  _uart_used
                  0x000ede                  _uart_full
                  0x000eec                  _uart_bufc
                  0x000f06                  _uart_bufs
                  0x000f20                  _uart_flush
                  0x000f58                  _uart_stop
                  0x000f5e                  _uart_begin
                  0x000f66                  _uart_putc
                  0x000f84                  _uart_print
                  0x000fae                  __U1RXInterrupt
                  0x000fe8                  __U1TXInterrupt
 .text            0x001046        0x242 build/Pickit/production/Task/system.o
                  0x001046                  _basic_reset
                  0x00104c                  _option_mode
                  0x001070                  _basic_echo
                  0x00107e                  _system_call
                  0x0010dc                  _system_decode
                  0x001158                  _basic_recall
                  0x00116e                  _system_add
                  0x0011ae                  _system_address
                  0x0011b6                  _system_error_cheak
                  0x0011ba                  _basic_repeat
                  0x0011ee                  _system_change
                  0x00120a                  _basic_select
                  0x00123c                  _system_setup
 .text            0x001288         0xde build/Pickit/production/Driver/pwm.o
                  0x001288                  _pwm_setup
                  0x0012ac                  _dt_limit
                  0x0012c2                  _pwm_dt_direct
                  0x0012e8                  _pwm_dt
                  0x0012f4                  _pwm_dts
                  0x001308                  _set_pwm_period
                  0x00131c                  _get_pwm_period
                  0x001320                  _set_pwm_max
                  0x00132a                  _get_pwm_max
                  0x00132e                  _set_pwm_min
                  0x001338                  _get_pwm_min
                  0x00133c                  _get_pwm_dt
                  0x001354                  _pwm_shutdown
 .text            0x001366         0xb8 build/Pickit/production/Driver/ports.o
                  0x001366                  _ports_setup
                  0x0013a0                  _port_address
                  0x0013c6                  _led_rx
                  0x0013d4                  _port_get
                  0x001406                  _pin_encode_idx
                  0x00140e                  _pin_encode_x
                  0x001416                  _pin_encode_y
 .text            0x00141e         0x6e build/Pickit/production/Driver/eeprom.o
                  0x00141e                  _eeprom_open
                  0x001422                  _eeprom_close
                  0x001426                  _eeprom_flush
                  0x001440                  _eeprom_putc
                  0x00145a                  _eeprom_puts
                  0x001476                  _eeprom_setup

.dinit            0x00148c         0x4c
 .dinit           0x00148c         0x4c data_init

.text             0x0014d8         0x7a
 .text            0x0014d8         0x28 build/Pickit/production/Driver/encoder.o
                  0x0014d8                  _encoder_setup
                  0x0014ec                  _encoder_value
                  0x0014f0                  _encoder_direction
 .text            0x001500         0x28 build/Pickit/production/Task/task.o
                  0x001500                  _task_setup
                  0x001506                  _transmit_init
                  0x001508                  _transmit
                  0x001524                  _process
 .text            0x001528         0x18 build/Pickit/production/Driver/driver.o
                  0x001528                  _driver_setup
 .text            0x001540         0x10 build/Pickit/production/main.o
                  0x001540                  _main
 .text            0x001550          0x2 build/Pickit/production/Task/motor.o
                  0x001550                  _motor_book

.shared.dinit     0x001552          0x2
 .shared.dinit    0x001552          0x2 shared_data_init

_0481496057835b09
                    0xfc00         0x80 load address 0x7ffc00  
 _0481496057835b09
                    0xfc00         0x80 build/Pickit/production/Driver/eeprom.o
                    0xfc00                  _system_file
